// Jest Snapshot v1, https://goo.gl/fbAQLP

exports[`StatusMachineList renders 1`] = `
<StatusTable
  headers={
    Array [
      Object {
        "columnSize": 1,
        "content": "Machine",
      },
      Object {
        "columnSize": 2,
        "content": "State",
      },
      Object {
        "columnSize": 2,
        "content": "DNS",
      },
      Object {
        "columnSize": 3,
        "content": "Instance ID",
      },
      Object {
        "columnSize": 1,
        "content": "Series",
      },
      Object {
        "columnSize": 3,
        "content": "Message",
      },
    ]
  }
  rows={
    Array [
      Object {
        "classes": Array [
          "status-table__row--ok",
        ],
        "clickURL": "http://example.com",
        "columns": Array [
          Object {
            "columnSize": 1,
            "content": "0",
          },
          Object {
            "columnSize": 2,
            "content": <StatusLabel
              status="started"
            />,
          },
          Object {
            "columnSize": 2,
            "content": "13.210.238.155",
          },
          Object {
            "columnSize": 3,
            "content": "i-06d8e73e06dcddb38",
          },
          Object {
            "columnSize": 1,
            "content": "xenial",
          },
          Object {
            "columnSize": 3,
            "content": "",
          },
        ],
        "extraData": "ok",
        "key": "0",
        "onClick": [Function],
      },
    ]
  }
/>
`;

exports[`StatusMachineList renders with missing details 1`] = `
<StatusTable
  headers={
    Array [
      Object {
        "columnSize": 1,
        "content": "Machine",
      },
      Object {
        "columnSize": 2,
        "content": "State",
      },
      Object {
        "columnSize": 2,
        "content": "DNS",
      },
      Object {
        "columnSize": 3,
        "content": "Instance ID",
      },
      Object {
        "columnSize": 1,
        "content": "Series",
      },
      Object {
        "columnSize": 3,
        "content": "Message",
      },
    ]
  }
  rows={
    Array [
      Object {
        "classes": Array [
          "",
        ],
        "clickURL": "http://example.com",
        "columns": Array [
          Object {
            "columnSize": 1,
            "content": undefined,
          },
          Object {
            "columnSize": 2,
            "content": null,
          },
          Object {
            "columnSize": 2,
            "content": undefined,
          },
          Object {
            "columnSize": 3,
            "content": undefined,
          },
          Object {
            "columnSize": 1,
            "content": undefined,
          },
          Object {
            "columnSize": 3,
            "content": undefined,
          },
        ],
        "extraData": "ok",
        "key": undefined,
        "onClick": [Function],
      },
    ]
  }
/>
`;

exports[`StatusMachineList renders without links 1`] = `
<StatusTable
  headers={
    Array [
      Object {
        "columnSize": 1,
        "content": "Machine",
      },
      Object {
        "columnSize": 2,
        "content": "State",
      },
      Object {
        "columnSize": 2,
        "content": "DNS",
      },
      Object {
        "columnSize": 3,
        "content": "Instance ID",
      },
      Object {
        "columnSize": 1,
        "content": "Series",
      },
      Object {
        "columnSize": 3,
        "content": "Message",
      },
    ]
  }
  rows={
    Array [
      Object {
        "classes": Array [
          "status-table__row--ok",
        ],
        "clickURL": null,
        "columns": Array [
          Object {
            "columnSize": 1,
            "content": "0",
          },
          Object {
            "columnSize": 2,
            "content": <StatusLabel
              status="started"
            />,
          },
          Object {
            "columnSize": 2,
            "content": "13.210.238.155",
          },
          Object {
            "columnSize": 3,
            "content": "i-06d8e73e06dcddb38",
          },
          Object {
            "columnSize": 1,
            "content": "xenial",
          },
          Object {
            "columnSize": 3,
            "content": "",
          },
        ],
        "extraData": "ok",
        "key": "0",
        "onClick": null,
      },
    ]
  }
/>
`;
