// Jest Snapshot v1, https://goo.gl/fbAQLP

exports[`BasicTableCell can render 1`] = `
<td
  className="basic-table__cell"
>
  <span>
    Content!
  </span>
</td>
`;
