// Jest Snapshot v1, https://goo.gl/fbAQLP

exports[`BasicTableRow can display rows with expandable content 1`] = `
<tr
  className="basic-table__row basic-table__row--expandable basic-table__row--clickable is-expanded"
  onClick={[Function]}
  role="button"
  tabIndex="0"
>
  <div>
    Expanded content!
  </div>
</tr>
`;

exports[`BasicTableRow can render 1`] = `
<tr
  className="basic-table__row"
  onClick={null}
  role="button"
  tabIndex="0"
>
  <BasicTableCell
    classes={
      Array [
        "r1c1class1",
        "r1c1class2",
        undefined,
      ]
    }
    columnSize={3}
    content={
      <span>
        row 1 column 1
      </span>
    }
    key="0"
    link={null}
  />
  <BasicTableCell
    classes={
      Array [
        undefined,
      ]
    }
    columnSize={3}
    content="row 1 column 2"
    key="1"
    link={null}
  />
</tr>
`;
