// Jest Snapshot v1, https://goo.gl/fbAQLP

exports[`StatusRelationList renders 1`] = `
<StatusTable
  headers={
    Array [
      Object {
        "columnSize": 3,
        "content": "Relation",
      },
      Object {
        "columnSize": 3,
        "content": "Provides",
      },
      Object {
        "columnSize": 3,
        "content": "Consumes",
      },
      Object {
        "columnSize": 3,
        "content": "Type",
      },
    ]
  }
  rows={
    Array [
      Object {
        "columns": Array [
          Object {
            "columnSize": 3,
            "content": "db",
          },
          Object {
            "columnSize": 3,
            "content": <a
              className="status-view__link"
              onClick={[Function]}
            >
              <img
                className="status-view__icon"
                src="icon.svg"
              />
              kubernetes-master
            </a>,
          },
          Object {
            "columnSize": 3,
            "content": <a
              className="status-view__link"
              onClick={[Function]}
            >
              <img
                className="status-view__icon"
                src="icon.svg"
              />
              etcd
            </a>,
          },
          Object {
            "columnSize": 3,
            "content": "regular",
          },
        ],
        "key": "1",
      },
    ]
  }
/>
`;

exports[`StatusRelationList renders with missing details 1`] = `
<StatusTable
  headers={
    Array [
      Object {
        "columnSize": 3,
        "content": "Relation",
      },
      Object {
        "columnSize": 3,
        "content": "Provides",
      },
      Object {
        "columnSize": 3,
        "content": "Consumes",
      },
      Object {
        "columnSize": 3,
        "content": "Type",
      },
    ]
  }
  rows={
    Array [
      Object {
        "columns": Array [
          Object {
            "columnSize": 3,
            "content": "",
          },
          Object {
            "columnSize": 3,
            "content": <span>
              
            </span>,
          },
          Object {
            "columnSize": 3,
            "content": <span>
              
            </span>,
          },
          Object {
            "columnSize": 3,
            "content": "",
          },
        ],
        "key": "",
      },
    ]
  }
/>
`;

exports[`StatusRelationList renders without links 1`] = `
<StatusTable
  headers={
    Array [
      Object {
        "columnSize": 3,
        "content": "Relation",
      },
      Object {
        "columnSize": 3,
        "content": "Provides",
      },
      Object {
        "columnSize": 3,
        "content": "Consumes",
      },
      Object {
        "columnSize": 3,
        "content": "Type",
      },
    ]
  }
  rows={
    Array [
      Object {
        "columns": Array [
          Object {
            "columnSize": 3,
            "content": "db",
          },
          Object {
            "columnSize": 3,
            "content": <span>
              kubernetes-master
            </span>,
          },
          Object {
            "columnSize": 3,
            "content": <span>
              etcd
            </span>,
          },
          Object {
            "columnSize": 3,
            "content": "regular",
          },
        ],
        "key": "1",
      },
    ]
  }
/>
`;
