// Jest Snapshot v1, https://goo.gl/fbAQLP

exports[`StatusUnitList renders 1`] = `
<StatusTable
  headers={
    Array [
      Object {
        "columnSize": 2,
        "content": "Unit",
      },
      Object {
        "columnSize": 2,
        "content": "Workload",
      },
      Object {
        "columnSize": 2,
        "content": "Agent",
      },
      Object {
        "columnSize": 1,
        "content": "Machine",
      },
      Object {
        "columnSize": 2,
        "content": "Public address",
      },
      Object {
        "columnSize": 1,
        "content": "Ports",
      },
      Object {
        "columnSize": 2,
        "content": "Message",
      },
    ]
  }
  rows={
    Array [
      Object {
        "classes": Array [
          "status-table__row--ok",
        ],
        "clickURL": "http://example.com",
        "columns": Array [
          Object {
            "columnSize": 2,
            "content": <span>
              <img
                className="status-view__icon"
                src="icon.svg"
              />
              etcd/0
            </span>,
          },
          Object {
            "columnSize": 2,
            "content": <StatusLabel
              status="active"
            />,
          },
          Object {
            "columnSize": 2,
            "content": <StatusLabel
              status="idle"
            />,
          },
          Object {
            "columnSize": 1,
            "content": <a
              className="status-view__link"
              onClick={[Function]}
            >
              2
            </a>,
          },
          Object {
            "columnSize": 2,
            "content": "13.211.141.188",
          },
          Object {
            "columnSize": 1,
            "content": "2379/tcp",
          },
          Object {
            "columnSize": 2,
            "content": "Healthy with 3 known peers",
          },
        ],
        "extraData": "ok",
        "key": "etcd/0",
        "onClick": [Function],
      },
    ]
  }
/>
`;

exports[`StatusUnitList renders with missing application details 1`] = `
<StatusTable
  headers={
    Array [
      Object {
        "columnSize": 2,
        "content": "Unit",
      },
      Object {
        "columnSize": 2,
        "content": "Workload",
      },
      Object {
        "columnSize": 2,
        "content": "Agent",
      },
      Object {
        "columnSize": 1,
        "content": "Machine",
      },
      Object {
        "columnSize": 2,
        "content": "Public address",
      },
      Object {
        "columnSize": 1,
        "content": "Ports",
      },
      Object {
        "columnSize": 2,
        "content": "Message",
      },
    ]
  }
  rows={Array []}
/>
`;

exports[`StatusUnitList renders with missing details 1`] = `
<StatusTable
  headers={
    Array [
      Object {
        "columnSize": 2,
        "content": "Unit",
      },
      Object {
        "columnSize": 2,
        "content": "Workload",
      },
      Object {
        "columnSize": 2,
        "content": "Agent",
      },
      Object {
        "columnSize": 1,
        "content": "Machine",
      },
      Object {
        "columnSize": 2,
        "content": "Public address",
      },
      Object {
        "columnSize": 1,
        "content": "Ports",
      },
      Object {
        "columnSize": 2,
        "content": "Message",
      },
    ]
  }
  rows={
    Array [
      Object {
        "classes": Array [
          "status-table__row--ok",
        ],
        "clickURL": "http://example.com",
        "columns": Array [
          Object {
            "columnSize": 2,
            "content": <span>
              <img
                className="status-view__icon"
                src="icon.svg"
              />
            </span>,
          },
          Object {
            "columnSize": 2,
            "content": null,
          },
          Object {
            "columnSize": 2,
            "content": null,
          },
          Object {
            "columnSize": 1,
            "content": <a
              className="status-view__link"
              onClick={[Function]}
            />,
          },
          Object {
            "columnSize": 2,
            "content": undefined,
          },
          Object {
            "columnSize": 1,
            "content": "",
          },
          Object {
            "columnSize": 2,
            "content": undefined,
          },
        ],
        "extraData": "ok",
        "key": undefined,
        "onClick": [Function],
      },
    ]
  }
/>
`;

exports[`StatusUnitList renders without links 1`] = `
<StatusTable
  headers={
    Array [
      Object {
        "columnSize": 2,
        "content": "Unit",
      },
      Object {
        "columnSize": 2,
        "content": "Workload",
      },
      Object {
        "columnSize": 2,
        "content": "Agent",
      },
      Object {
        "columnSize": 1,
        "content": "Machine",
      },
      Object {
        "columnSize": 2,
        "content": "Public address",
      },
      Object {
        "columnSize": 1,
        "content": "Ports",
      },
      Object {
        "columnSize": 2,
        "content": "Message",
      },
    ]
  }
  rows={
    Array [
      Object {
        "classes": Array [
          "status-table__row--ok",
        ],
        "clickURL": null,
        "columns": Array [
          Object {
            "columnSize": 2,
            "content": <span>
              <img
                className="status-view__icon"
                src="icon.svg"
              />
              etcd/0
            </span>,
          },
          Object {
            "columnSize": 2,
            "content": <StatusLabel
              status="active"
            />,
          },
          Object {
            "columnSize": 2,
            "content": <StatusLabel
              status="idle"
            />,
          },
          Object {
            "columnSize": 1,
            "content": <a
              className="status-view__link"
              onClick={[Function]}
            >
              2
            </a>,
          },
          Object {
            "columnSize": 2,
            "content": "13.211.141.188",
          },
          Object {
            "columnSize": 1,
            "content": "2379/tcp",
          },
          Object {
            "columnSize": 2,
            "content": "Healthy with 3 known peers",
          },
        ],
        "extraData": "ok",
        "key": "etcd/0",
        "onClick": null,
      },
    ]
  }
/>
`;
